1 200 https://www.xendersecrets.com/
2 200 https://www.xendersecrets.com/about
3 200 https://www.xendersecrets.com/account
4 200 https://www.xendersecrets.com/accountant-website-development
5 200 https://www.xendersecrets.com/admin
6 200 https://www.xendersecrets.com/article-ai-content-engine
7 200 https://www.xendersecrets.com/article-ai-workflows-business
8 200 https://www.xendersecrets.com/article-backend-api-guide
9 200 https://www.xendersecrets.com/article-chinese-classic-novels-guide
10 200 https://www.xendersecrets.com/article-chinese-web-novels-vs-classics
11 200 https://www.xendersecrets.com/article-community-led-growth
12 200 https://www.xendersecrets.com/article-customer-retention-after-first-sale
13 200 https://www.xendersecrets.com/article-digital-products-guide
14 200 https://www.xendersecrets.com/article-ecommerce-store-guide
15 200 https://www.xendersecrets.com/article-ecommerce-trust-checklist
16 200 https://www.xendersecrets.com/article-frontend-development-guide
17 200 https://www.xendersecrets.com/article-full-stack-development-guide
18 200 https://www.xendersecrets.com/article-lead-generation-guide
19 200 https://www.xendersecrets.com/article-sales-customer-experience-guide
20 200 https://www.xendersecrets.com/article-small-business-website-features
21 200 https://www.xendersecrets.com/article-website-project-planning
22 200 https://www.xendersecrets.com/articles
23 200 https://www.xendersecrets.com/business-templates
24 200 https://www.xendersecrets.com/catalog
25 200 https://www.xendersecrets.com/clinic-website-development
26 200 https://www.xendersecrets.com/coaching-website-development
27 200 https://www.xendersecrets.com/community
28 200 https://www.xendersecrets.com/consultant-website-development
29 200 https://www.xendersecrets.com/contact
30 200 https://www.xendersecrets.com/demo-backend-api
31 200 https://www.xendersecrets.com/demo-backend-auth
32 200 https://www.xendersecrets.com/demo-backend-crm
33 200 https://www.xendersecrets.com/demo-frontend-dashboard
34 200 https://www.xendersecrets.com/demo-frontend-saas
35 200 https://www.xendersecrets.com/demo-frontend-store
36 200 https://www.xendersecrets.com/demo-fullstack-booking
37 200 https://www.xendersecrets.com/demo-fullstack-commerce
38 200 https://www.xendersecrets.com/demo-fullstack-saas
39 200 https://www.xendersecrets.com/demo-gym
40 200 https://www.xendersecrets.com/demo-local
41 200 https://www.xendersecrets.com/demo-pro
42 200 https://www.xendersecrets.com/faq
43 200 https://www.xendersecrets.com/gym-website-development
44 200 https://www.xendersecrets.com/ideas
45 200 https://www.xendersecrets.com/novels
46 200 https://www.xendersecrets.com/preview-builder
47 200 https://www.xendersecrets.com/preview
48 200 https://www.xendersecrets.com/privacy
49 200 https://www.xendersecrets.com/reader
50 200 https://www.xendersecrets.com/real-estate-website-development
51 200 https://www.xendersecrets.com/recruitment-agency-website-development
52 200 https://www.xendersecrets.com/refund
53 200 https://www.xendersecrets.com/resources
54 200 https://www.xendersecrets.com/restaurant-website-development
55 200 https://www.xendersecrets.com/sample-preview
56 200 https://www.xendersecrets.com/services
57 200 https://www.xendersecrets.com/small-business-website-india
58 200 https://www.xendersecrets.com/template-preview
59 200 https://www.xendersecrets.com/terms
60 200 https://www.xendersecrets.com/website-catalog
61 200 https://www.xendersecrets.com/website-cost-calculator
62 200 https://www.xendersecrets.com/website-development-delhi
63 200 https://www.xendersecrets.com/website-development-gurugram
64 200 https://www.xendersecrets.com/website-development-noida
65 200 https://www.xendersecrets.com/template-preview?id=CA-01
66 200 https://www.xendersecrets.com/template-preview?id=CA-02
67 200 https://www.xendersecrets.com/template-preview?id=CA-03
68 200 https://www.xendersecrets.com/business-templates?business=accountants
69 200 https://www.xendersecrets.com/business-templates?business=dentists
70 200 https://www.xendersecrets.com/business-templates?business=coaching
71 200 https://www.xendersecrets.com/reader?gutenberg=journey-to-the-west-zh&chapter=1
72 200 https://www.xendersecrets.com/reader?gutenberg=romance-three-kingdoms-zh&chapter=1
73 200 https://www.xendersecrets.com/reader?gutenberg=water-margin-zh&chapter=1
74 200 https://www.xendersecrets.com/community?category=books
75 200 https://www.xendersecrets.com/sample-preview?type=fullstack&id=FS-01
76 200 https://www.xendersecrets.com/sample-preview?type=frontend&id=FE-01
77 200 https://www.xendersecrets.com/sample-preview?type=frontend&id=FE-02
